
> nuxt-app@0.1.0 preview
> nuxt preview --port 3000

[nuxt] modules:before: 0.17ms
[nuxt] kit:compatibility: 0.041ms
[36mi[39m Module [36mpinia[39m took [36m2.1ms[39m to setup.
[nuxt] eslint:config:addons: 0.033ms
[36mi[39m Module [36m@nuxt/eslint[39m took [36m44.47ms[39m to setup.
[36mi[39m Module [36m@nuxt/devtools[39m took [36m240.74ms[39m to setup.
[nuxt] pages:routerOptions: 0.032ms
[36mi[39m Module [36mnuxt:pages[39m took [36m19.4ms[39m to setup.
[36mi[39m Module [36mnuxt:meta[39m took [36m6.9ms[39m to setup.
[36mi[39m Module [36mnuxt:components[39m took [36m11.13ms[39m to setup.
[36mi[39m Module [36mnuxt:compiler[39m took [36m0.45ms[39m to setup.
[36mi[39m Module [36mnuxt:imports[39m took [36m3.31ms[39m to setup.
[36mi[39m Module [36mnuxt:nuxt-config-schema[39m took [36m0.87ms[39m to setup.
[36mi[39m Module [36m@nuxt/telemetry[39m took [36m0.32ms[39m to setup.
[nuxt] imports:dirs: 0.138ms
[nuxt] imports:sources: 0.197ms
[nuxt] imports:context: 0.105ms
[nuxt] imports:extend: 0.136ms
[nuxt] eslint:config:addons: 0.033ms
[nuxt] builder:generateApp: 11.974ms
[nuxt] schema:extend: 0.038ms
[nuxt] schema:resolved: 0.013ms
[nuxt] modules:done: 53.693ms
[nuxt] nitro:config: 178.119ms
[nuxt] telemetry:setup: 0.019ms
[nuxt] nitro:init: 64.158ms
|
|
| [33m+[39m[33m-[39m[33m-[39m[33m Previewing Nuxt app [39m[33m-[39m[33m-[39m[33m-[39m[33m-[39m[33m-[39m[33m-[39m[33m-[39m[33m-[39m[33m-[39m[33m-[39m[33m-[39m[33m-[39m[33m-[39m[33m-[39m[33m-[39m[33m-[39m[33m-[39m[33m-[39m[33m-[39m[33m-[39m[33m-[39m[33m-[39m[33m-[39m[33m-[39m[33m-[39m[33m-[39m[33m-[39m[33m-[39m[33m-[39m[33m-[39m[33m-[39m[33m-[39m[33m-[39m[33m-[39m[33m-[39m[33m-[39m[33m-[39m[33m-[39m[33m-[39m[33m-[39m[33m-[39m[33m-[39m[33m-[39m[33m-[39m[33m-[39m[33m-[39m[33m-[39m[33m-[39m[33m-[39m[33m+[39m
| [33m|[39m                                                                        [33m|[39m
| [33m|[39m  You are previewing a Nuxt app. In production, do not use this CLI.    [33m|[39m
| [33m|[39m  Instead, run [36mnode server/index.mjs[39m directly.                          [33m|[39m
| [33m|[39m                                                                        [33m|[39m
| [33m|[39m  Node.js:           [36mv22.23.2[39m                                           [33m|[39m
| [33m|[39m  Nitro preset:      [36mnode-server[39m                                        [33m|[39m
| [33m|[39m  Working directory: [36m.output[39m                                            [33m|[39m
| [33m|[39m                                                                        [33m|[39m
| [33m+[39m[33m-[39m[33m-[39m[33m-[39m[33m-[39m[33m-[39m[33m-[39m[33m-[39m[33m-[39m[33m-[39m[33m-[39m[33m-[39m[33m-[39m[33m-[39m[33m-[39m[33m-[39m[33m-[39m[33m-[39m[33m-[39m[33m-[39m[33m-[39m[33m-[39m[33m-[39m[33m-[39m[33m-[39m[33m-[39m[33m-[39m[33m-[39m[33m-[39m[33m-[39m[33m-[39m[33m-[39m[33m-[39m[33m-[39m[33m-[39m[33m-[39m[33m-[39m[33m-[39m[33m-[39m[33m-[39m[33m-[39m[33m-[39m[33m-[39m[33m-[39m[33m-[39m[33m-[39m[33m-[39m[33m-[39m[33m-[39m[33m-[39m[33m-[39m[33m-[39m[33m-[39m[33m-[39m[33m-[39m[33m-[39m[33m-[39m[33m-[39m[33m-[39m[33m-[39m[33m-[39m[33m-[39m[33m-[39m[33m-[39m[33m-[39m[33m-[39m[33m-[39m[33m-[39m[33m-[39m[33m-[39m[33m-[39m[33m-[39m[33m-[39m[33m+[39m
|
—  Running [36mnode server/index.mjs[39m in [36m.output[39m

[nuxt] ready: 0.015ms

[1m[36m Nuxt Build Performance[39m[22m

  [1mPhase[22m                       [1mDuration[22m       [1mRSS Delta[22m      [1mHeap Delta[22m
  [2m────────────────────────────────────────────────────────────────────[22m
  init                            [32m12ms[39m       [32m+388.0 KB[39m         -2.7 MB  [32m████[39m[32m░[39m
  modules                        [32m110ms[39m         [32m+2.3 MB[39m         -6.3 MB  [32m███████[39m[32m░░░[39m
  modules:done                    [32m42ms[39m       [32m+984.0 KB[39m         +2.6 MB  [32m██████[39m[32m░[39m
  builder:generateApp             [32m12ms[39m       [32m+604.0 KB[39m         +1.1 MB  [32m████[39m[32m░[39m
  nitro:config                   [32m178ms[39m         [32m+2.9 MB[39m         +4.1 MB  [32m████████[39m[32m░░░░[39m
  nitro:createNitro              [33m623ms[39m         [32m+7.1 MB[39m       -401.6 KB  [33m██████████[39m[32m░░░░░░░░░░[39m
  nitro:init                      [32m64ms[39m        [32m+16.0 KB[39m       +171.7 KB  [32m██████[39m
  ready                            [32m2ms[39m            [32m+0 B[39m       +123.6 KB  [32m██[39m
  [2m────────────────────────────────────────────────────────────────────[22m
  [1mTotal[22m                           [1m3.9s[22m        [1m+48.9 MB[22m        [1m+29.1 MB[22m
[2m  Tip: run with NODE_OPTIONS=--expose-gc to see retained heap per phase[22m

[1m Modules[22m

  [2m•[22m @nuxt/devtools [2m—[22m [33m241ms[39m
  [2m•[22m @nuxt/eslint [2m—[22m [2m44ms[22m
  [2m•[22m nuxt:pages [2m—[22m [2m19ms[22m
  [2m•[22m nuxt:components [2m—[22m [2m11ms[22m
  [2m•[22m nuxt:meta [2m—[22m [2m7ms[22m

[1m Details[22m

  [2m•[22m module:@nuxt/eslint [2m—[22m [2m44ms[22m
  [2m•[22m module:@nuxt/devtools [2m—[22m [33m241ms[39m
  [2m•[22m module:nuxt:pages [2m—[22m [2m19ms[22m
  [2m•[22m module:nuxt:meta [2m—[22m [2m7ms[22m
  [2m•[22m module:nuxt:components [2m—[22m [2m11ms[22m

[2m Data dump written to ./node_modules/.cache/nuxt/.nuxt/perf-report.json[22m
[2m Trace written to ./node_modules/.cache/nuxt/.nuxt/perf-trace.json (load in [36mhttps://ui.perfetto.dev[39m)[22m

[nitro] close: 0.274ms
[nuxt] close: 12.398ms
> Load chunks/_/nitro (6ms)
> Nitro Start (4ms)
Listening on http://[::]:3000
[nitro-runtime] request: 0.606ms
[nitro-runtime] render:before: 0.023ms
> Load chunks/virtual/entry (1ms)
[nitro-runtime] render:route: 0.029ms
[nuxt-app] page:loading:start: 0.084ms
[nuxt-app] app:created: 2.698ms
[nuxt-app] vue:setup: 0.045ms
[nitro-runtime] request: 2.79ms
[nitro-runtime] beforeResponse: 0.027ms
[nitro-runtime] afterResponse: 0.034ms
[nuxt-app] app:rendered: 0.116ms
[nitro-runtime] render:html: 0.048ms
[nitro-runtime] render:response: 0.021ms
[nitro-runtime] beforeResponse: 0.031ms
[nitro-runtime] afterResponse: 0.065ms
[nitro-runtime] request: 0.114ms
[nitro-runtime] render:before: 0.027ms
[nitro-runtime] render:route: 0.03ms
[nuxt-app] page:loading:start: 0.011ms
[nuxt-app] app:created: 0.36ms
[nuxt-app] vue:setup: 0.007ms
[nitro-runtime] request: 0.439ms
[nitro-runtime] beforeResponse: 0.015ms
[nitro-runtime] afterResponse: 0.013ms
[nuxt-app] app:rendered: 0.03ms
[nitro-runtime] render:html: 0.024ms
[nitro-runtime] render:response: 0.015ms
[nitro-runtime] beforeResponse: 0.009ms
[nitro-runtime] afterResponse: 0.035ms
[nitro-runtime] request: 0.256ms
[nitro-runtime] request: 0.083ms
[nitro-runtime] request: 0.075ms
[nitro-runtime] request: 0.071ms
[nitro-runtime] request: 0.068ms
[nitro-runtime] request: 0.196ms
[nitro-runtime] beforeResponse: 0.034ms
[nitro-runtime] beforeResponse: 0.017ms
[nitro-runtime] beforeResponse: 0.011ms
[nitro-runtime] beforeResponse: 0.042ms
[nitro-runtime] beforeResponse: 0.01ms
[nitro-runtime] afterResponse: 0.035ms
[nitro-runtime] afterResponse: 0.037ms
[nitro-runtime] afterResponse: 0.029ms
[nitro-runtime] afterResponse: 0.04ms
[nitro-runtime] afterResponse: 0.028ms
[nitro-runtime] beforeResponse: 0.022ms
[nitro-runtime] request: 0.464ms
[nitro-runtime] request: 0.221ms
[nitro-runtime] afterResponse: 0.032ms
[nitro-runtime] request: 0.046ms
[nitro-runtime] request: 0.1ms
[nitro-runtime] beforeResponse: 0.026ms
[nitro-runtime] afterResponse: 0.027ms
[nitro-runtime] beforeResponse: 0.009ms
[nitro-runtime] beforeResponse: 0.01ms
[nitro-runtime] request: 0.093ms
[nitro-runtime] afterResponse: 0.033ms
[nitro-runtime] afterResponse: 0.024ms
[nitro-runtime] request: 0.061ms
[nitro-runtime] beforeResponse: 0.019ms
[nitro-runtime] afterResponse: 0.022ms
[nitro-runtime] request: 0.073ms
[nitro-runtime] beforeResponse: 0.026ms
[nitro-runtime] afterResponse: 0.049ms
[nitro-runtime] beforeResponse: 0.023ms
[nitro-runtime] afterResponse: 0.02ms
[nitro-runtime] request: 0.065ms
[nitro-runtime] beforeResponse: 0.018ms
[nitro-runtime] afterResponse: 0.021ms
[nitro-runtime] request: 0.104ms
[nitro-runtime] beforeResponse: 0.023ms
[nitro-runtime] request: 0.048ms
[nitro-runtime] afterResponse: 0.033ms
[nitro-runtime] beforeResponse: 0.033ms
[nitro-runtime] afterResponse: 0.023ms
[nitro-runtime] beforeResponse: 0.014ms
[nitro-runtime] afterResponse: 0.021ms
[nitro-runtime] request: 0.045ms
[nitro-runtime] beforeResponse: 0.055ms
[nitro-runtime] afterResponse: 0.028ms
[nitro-runtime] request: 0.054ms
[nitro-runtime] request: 0.073ms
[nitro-runtime] beforeResponse: 0.03ms
[nitro-runtime] afterResponse: 0.026ms
[nitro-runtime] beforeResponse: 0.015ms
[nitro-runtime] afterResponse: 0.016ms
[nitro-runtime] request: 0.074ms
[nitro-runtime] beforeResponse: 0.027ms
[nitro-runtime] afterResponse: 0.025ms
[nitro-runtime] request: 0.104ms
[nitro-runtime] render:before: 0.018ms
[nitro-runtime] beforeResponse: 0.024ms
[nitro-runtime] afterResponse: 0.026ms
[nitro-runtime] request: 0.117ms
[nitro-runtime] request: 0.074ms
[nitro-runtime] beforeResponse: 0.028ms
[nitro-runtime] afterResponse: 0.027ms
[nitro-runtime] beforeResponse: 0.044ms
[nitro-runtime] afterResponse: 0.038ms
[nitro-runtime] request: 0.148ms
[nitro-runtime] beforeResponse: 0.024ms
[nitro-runtime] afterResponse: 0.013ms
[nitro-runtime] request: 0.1ms
[nitro-runtime] render:before: 0.022ms
[nitro-runtime] render:route: 0.018ms
[nuxt-app] page:loading:start: 0.01ms
[nuxt-app] app:created: 0.754ms
[nuxt-app] vue:setup: 0.01ms
[nuxt-app] app:rendered: 0.028ms
[nitro-runtime] error: 0.376ms
[nitro-runtime] request: 0.113ms
[nitro-runtime] render:before: 0.022ms
[nitro-runtime] render:route: 0.009ms
[nuxt-app] page:loading:start: 0.011ms
[nuxt-app] app:created: 0.308ms
[nuxt-app] vue:setup: 0.007ms
[nuxt-app] app:rendered: 0.018ms
[nitro-runtime] error: 0.048ms
[nitro-runtime] request: 0.263ms
[nitro-runtime] beforeResponse: 0.033ms
[nitro-runtime] afterResponse: 0.034ms
[nitro-runtime] request: 0.132ms
[nitro-runtime] render:before: 0.025ms
[nitro-runtime] beforeResponse: 0.019ms
[nitro-runtime] afterResponse: 0.007ms
[nitro-runtime] request: 0.185ms
[nitro-runtime] render:before: 0.033ms
[nitro-runtime] render:route: 0.037ms
[nuxt-app] page:loading:start: 0.013ms
[nuxt-app] app:created: 0.534ms
[nuxt-app] vue:setup: 0.012ms
[nitro-runtime] request: 0.545ms
[nitro-runtime] beforeResponse: 0.013ms
[nitro-runtime] afterResponse: 0.009ms
[nuxt-app] app:rendered: 0.066ms
[nitro-runtime] render:html: 0.022ms
[nitro-runtime] render:response: 0.012ms
[nitro-runtime] beforeResponse: 0.011ms
[nitro-runtime] afterResponse: 0.024ms
[nitro-runtime] request: 0.251ms
[nitro-runtime] request: 0.119ms
[nitro-runtime] request: 0.092ms
[nitro-runtime] request: 0.13ms
[nitro-runtime] request: 0.069ms
[nitro-runtime] request: 0.113ms
[nitro-runtime] beforeResponse: 0.039ms
[nitro-runtime] beforeResponse: 0.021ms
[nitro-runtime] afterResponse: 0.046ms
[nitro-runtime] afterResponse: 0.036ms
[nitro-runtime] beforeResponse: 0.025ms
[nitro-runtime] afterResponse: 0.024ms
[nitro-runtime] beforeResponse: 0.014ms
[nitro-runtime] afterResponse: 0.026ms
[nitro-runtime] request: 0.079ms
[nitro-runtime] beforeResponse: 0.033ms
[nitro-runtime] beforeResponse: 0.014ms
[nitro-runtime] afterResponse: 0.017ms
[nitro-runtime] afterResponse: 0.015ms
[nitro-runtime] beforeResponse: 0.016ms
[nitro-runtime] afterResponse: 0.019ms
[nitro-runtime] request: 0.049ms
[nitro-runtime] beforeResponse: 0.079ms
[nitro-runtime] afterResponse: 0.033ms
[nitro-runtime] request: 0.15ms
[nitro-runtime] request: 0.145ms
[nitro-runtime] beforeResponse: 0.034ms
[nitro-runtime] afterResponse: 0.031ms
[nitro-runtime] beforeResponse: 0.028ms
[nitro-runtime] afterResponse: 0.025ms
[nitro-runtime] request: 0.06ms
[nitro-runtime] request: 0.196ms
[nitro-runtime] beforeResponse: 0.037ms
[nitro-runtime] afterResponse: 0.037ms
[nitro-runtime] request: 0.062ms
[nitro-runtime] request: 0.107ms
[nitro-runtime] beforeResponse: 0.033ms
[nitro-runtime] afterResponse: 0.023ms
[nitro-runtime] beforeResponse: 0.011ms
[nitro-runtime] request: 0.056ms
[nitro-runtime] afterResponse: 0.024ms
[nitro-runtime] request: 0.072ms
[nitro-runtime] beforeResponse: 0.029ms
[nitro-runtime] afterResponse: 0.027ms
[nitro-runtime] beforeResponse: 0.021ms
[nitro-runtime] afterResponse: 0.026ms
[nitro-runtime] request: 0.071ms
[nitro-runtime] beforeResponse: 0.03ms
[nitro-runtime] request: 0.087ms
[nitro-runtime] afterResponse: 0.03ms
[nitro-runtime] beforeResponse: 0.021ms
[nitro-runtime] beforeResponse: 0.009ms
[nitro-runtime] afterResponse: 0.018ms
[nitro-runtime] afterResponse: 0.012ms
[nitro-runtime] request: 0.091ms
[nitro-runtime] request: 0.109ms
[nitro-runtime] beforeResponse: 0.032ms
[nitro-runtime] afterResponse: 0.02ms
[nitro-runtime] beforeResponse: 0.014ms
[nitro-runtime] afterResponse: 0.014ms
[nitro-runtime] request: 0.067ms
[nitro-runtime] beforeResponse: 0.027ms
[nitro-runtime] afterResponse: 0.02ms
[nitro-runtime] request: 0.04ms
[nitro-runtime] request: 0.095ms
[nitro-runtime] beforeResponse: 0.036ms
[nitro-runtime] afterResponse: 0.023ms
[nitro-runtime] request: 0.059ms
[nitro-runtime] beforeResponse: 0.033ms
[nitro-runtime] afterResponse: 0.023ms
[nitro-runtime] request: 0.085ms
[nitro-runtime] beforeResponse: 0.026ms
[nitro-runtime] request: 0.059ms
[nitro-runtime] afterResponse: 0.037ms
[nitro-runtime] beforeResponse: 0.031ms
[nitro-runtime] afterResponse: 0.027ms
[nitro-runtime] beforeResponse: 0.009ms
[nitro-runtime] request: 0.05ms
[nitro-runtime] afterResponse: 0.039ms
[nitro-runtime] beforeResponse: 0.032ms
[nitro-runtime] afterResponse: 0.027ms
[nitro-runtime] request: 0.07ms
[nitro-runtime] request: 0.114ms
[nitro-runtime] beforeResponse: 0.022ms
[nitro-runtime] afterResponse: 0.017ms
[nitro-runtime] request: 0.045ms
[nitro-runtime] beforeResponse: 0.032ms
[nitro-runtime] afterResponse: 0.023ms
[nitro-runtime] beforeResponse: 0.014ms
[nitro-runtime] afterResponse: 0.018ms
[nitro-runtime] request: 0.047ms
[nitro-runtime] request: 0.169ms
[nitro-runtime] beforeResponse: 0.021ms
[nitro-runtime] afterResponse: 0.022ms
[nitro-runtime] request: 0.052ms
[nitro-runtime] beforeResponse: 0.028ms
[nitro-runtime] afterResponse: 0.099ms
[nitro-runtime] beforeResponse: 0.023ms
[nitro-runtime] afterResponse: 0.015ms
[nitro-runtime] request: 0.055ms
[nitro-runtime] request: 0.192ms
[nitro-runtime] request: 0.065ms
[nitro-runtime] beforeResponse: 0.023ms
[nitro-runtime] afterResponse: 0.015ms
[nitro-runtime] beforeResponse: 0.013ms
[nitro-runtime] afterResponse: 0.016ms
[nitro-runtime] beforeResponse: 0.018ms
[nitro-runtime] afterResponse: 0.013ms
[nitro-runtime] request: 0.059ms
[nitro-runtime] request: 0.101ms
[nitro-runtime] beforeResponse: 0.04ms
[nitro-runtime] afterResponse: 0.036ms
[nitro-runtime] request: 0.081ms
[nitro-runtime] beforeResponse: 0.034ms
[nitro-runtime] afterResponse: 0.045ms
[nitro-runtime] request: 0.059ms
[nitro-runtime] beforeResponse: 0.036ms
[nitro-runtime] afterResponse: 0.043ms
[nitro-runtime] beforeResponse: 0.04ms
[nitro-runtime] afterResponse: 0.051ms
[nitro-runtime] request: 0.077ms
[nitro-runtime] request: 0.175ms
[nitro-runtime] beforeResponse: 0.051ms
[nitro-runtime] afterResponse: 0.046ms
[nitro-runtime] beforeResponse: 0.028ms
[nitro-runtime] request: 0.093ms
[nitro-runtime] afterResponse: 0.037ms
[nitro-runtime] beforeResponse: 0.042ms
[nitro-runtime] afterResponse: 0.038ms
[nitro-runtime] request: 0.095ms
[nitro-runtime] request: 0.138ms
[nitro-runtime] beforeResponse: 0.048ms
[nitro-runtime] afterResponse: 0.042ms
[nitro-runtime] request: 0.152ms
[nitro-runtime] beforeResponse: 0.036ms
[nitro-runtime] afterResponse: 0.034ms
[nitro-runtime] beforeResponse: 0.056ms
[nitro-runtime] afterResponse: 0.042ms
[nitro-runtime] request: 0.085ms
[nitro-runtime] request: 0.081ms
[nitro-runtime] beforeResponse: 0.031ms
[nitro-runtime] afterResponse: 0.024ms
[nitro-runtime] request: 0.096ms
[nitro-runtime] beforeResponse: 0.037ms
[nitro-runtime] afterResponse: 0.036ms
[nitro-runtime] beforeResponse: 0.035ms
[nitro-runtime] afterResponse: 0.067ms
[nitro-runtime] request: 0.11ms
[nitro-runtime] beforeResponse: 0.055ms
[nitro-runtime] afterResponse: 0.053ms
[nitro-runtime] request: 0.118ms
[nitro-runtime] request: 0.342ms
[nitro-runtime] beforeResponse: 0.043ms
[nitro-runtime] afterResponse: 0.042ms
[nitro-runtime] request: 0.097ms
[nitro-runtime] request: 0.113ms
[nitro-runtime] beforeResponse: 0.031ms
[nitro-runtime] afterResponse: 0.045ms
[nitro-runtime] beforeResponse: 0.051ms
[nitro-runtime] afterResponse: 0.049ms
[nitro-runtime] request: 0.091ms
[nitro-runtime] beforeResponse: 0.027ms
[nitro-runtime] afterResponse: 0.032ms
[nitro-runtime] request: 0.06ms
[nitro-runtime] beforeResponse: 0.04ms
[nitro-runtime] afterResponse: 0.048ms
[nitro-runtime] request: 0.08ms
[nitro-runtime] beforeResponse: 0.039ms
[nitro-runtime] afterResponse: 0.037ms
[nitro-runtime] beforeResponse: 0.028ms
[nitro-runtime] afterResponse: 0.037ms
[nitro-runtime] request: 0.111ms
[nitro-runtime] beforeResponse: 0.04ms
[nitro-runtime] afterResponse: 0.028ms
[nitro-runtime] request: 0.13ms
[nitro-runtime] request: 0.142ms
[nitro-runtime] beforeResponse: 0.045ms
[nitro-runtime] afterResponse: 0.041ms
[nitro-runtime] beforeResponse: 0.044ms
[nitro-runtime] afterResponse: 0.045ms
[nitro-runtime] request: 0.096ms
[nitro-runtime] render:before: 0.021ms
[nitro-runtime] beforeResponse: 0.021ms
[nitro-runtime] afterResponse: 0.011ms
[nitro-runtime] request: 0.248ms
[nitro-runtime] request: 0.185ms
[nitro-runtime] request: 0.098ms
[nitro-runtime] beforeResponse: 0.03ms
[nitro-runtime] afterResponse: 0.033ms
[nitro-runtime] beforeResponse: 0.025ms
[nitro-runtime] afterResponse: 0.048ms
[nitro-runtime] beforeResponse: 0.023ms
[nitro-runtime] afterResponse: 0.07ms
[nitro-runtime] request: 0.126ms
[nitro-runtime] beforeResponse: 0.02ms
[nitro-runtime] afterResponse: 0.014ms
[nitro-runtime] request: 0.099ms
[nitro-runtime] render:before: 0.01ms
[nitro-runtime] render:route: 0.012ms
[nuxt-app] page:loading:start: 0.011ms
[nuxt-app] app:created: 0.376ms
[nuxt-app] vue:setup: 0.007ms
[nuxt-app] app:rendered: 0.021ms
[nitro-runtime] error: 0.048ms
[nitro-runtime] request: 0.098ms
[nitro-runtime] render:before: 0.026ms
[nitro-runtime] render:route: 0.024ms
[nuxt-app] page:loading:start: 0.011ms
[nuxt-app] app:created: 0.288ms
[nuxt-app] vue:setup: 0.006ms
[nuxt-app] app:rendered: 0.022ms
[nitro-runtime] error: 0.041ms
[nitro-runtime] request: 0.23ms
[nitro-runtime] render:before: 0.029ms
[nitro-runtime] beforeResponse: 0.04ms
[nitro-runtime] afterResponse: 0.025ms
[nitro-runtime] request: 0.097ms
[nitro-runtime] render:before: 0.044ms
[nitro-runtime] render:route: 0.033ms
[nuxt-app] page:loading:start: 0.011ms
[nuxt-app] app:created: 0.435ms
[nuxt-app] vue:setup: 0.007ms
[nitro-runtime] request: 0.527ms
[nitro-runtime] beforeResponse: 0.02ms
[nitro-runtime] afterResponse: 0.015ms
[nuxt-app] app:rendered: 0.035ms
[nitro-runtime] render:html: 0.02ms
[nitro-runtime] render:response: 0.01ms
[nitro-runtime] beforeResponse: 0.009ms
[nitro-runtime] afterResponse: 0.011ms
[nitro-runtime] request: 0.112ms
[nitro-runtime] request: 0.089ms
[nitro-runtime] request: 0.101ms
[nitro-runtime] request: 0.091ms
[nitro-runtime] request: 0.071ms
[nitro-runtime] request: 0.06ms
[nitro-runtime] beforeResponse: 0.025ms
[nitro-runtime] beforeResponse: 0.012ms
[nitro-runtime] afterResponse: 0.022ms
[nitro-runtime] afterResponse: 0.027ms
[nitro-runtime] beforeResponse: 0.011ms
[nitro-runtime] afterResponse: 0.032ms
[nitro-runtime] beforeResponse: 0.014ms
[nitro-runtime] afterResponse: 0.035ms
[nitro-runtime] beforeResponse: 0.011ms
[nitro-runtime] request: 0.063ms
[nitro-runtime] afterResponse: 0.027ms
[nitro-runtime] beforeResponse: 0.011ms
[nitro-runtime] afterResponse: 0.028ms
[nitro-runtime] beforeResponse: 0.024ms
[nitro-runtime] afterResponse: 0.038ms
[nitro-runtime] request: 0.088ms
[nitro-runtime] request: 0.16ms
[nitro-runtime] beforeResponse: 0.042ms
[nitro-runtime] afterResponse: 0.053ms
[nitro-runtime] request: 0.144ms
[nitro-runtime] beforeResponse: 0.044ms
[nitro-runtime] afterResponse: 0.041ms
[nitro-runtime] beforeResponse: 0.035ms
[nitro-runtime] afterResponse: 0.028ms
[nitro-runtime] request: 0.064ms
[nitro-runtime] request: 0.124ms
[nitro-runtime] beforeResponse: 0.029ms
[nitro-runtime] afterResponse: 0.033ms
[nitro-runtime] request: 0.078ms
[nitro-runtime] beforeResponse: 0.051ms
[nitro-runtime] afterResponse: 0.057ms
[nitro-runtime] request: 0.079ms
[nitro-runtime] request: 0.136ms
[nitro-runtime] beforeResponse: 0.034ms
[nitro-runtime] afterResponse: 0.03ms
[nitro-runtime] beforeResponse: 0.009ms
[nitro-runtime] afterResponse: 0.013ms
[nitro-runtime] beforeResponse: 0.016ms
[nitro-runtime] afterResponse: 0.019ms
[nitro-runtime] request: 0.104ms
[nitro-runtime] render:before: 0.02ms
[nitro-runtime] beforeResponse: 0.021ms
[nitro-runtime] afterResponse: 0.012ms
[nitro-runtime] request: 0.098ms
[nitro-runtime] request: 0.132ms
[nitro-runtime] request: 0.129ms
[nitro-runtime] beforeResponse: 0.034ms
[nitro-runtime] afterResponse: 0.033ms
[nitro-runtime] beforeResponse: 0.023ms
[nitro-runtime] afterResponse: 0.024ms
[nitro-runtime] beforeResponse: 0.017ms
[nitro-runtime] afterResponse: 0.029ms
[nitro-runtime] request: 0.15ms
[nitro-runtime] beforeResponse: 0.021ms
[nitro-runtime] afterResponse: 0.013ms
[nitro-runtime] request: 0.107ms
[nitro-runtime] render:before: 0.025ms
[nitro-runtime] render:route: 0.017ms
[nuxt-app] page:loading:start: 0.01ms
[nuxt-app] app:created: 0.462ms
[nuxt-app] vue:setup: 0.006ms
[nuxt-app] app:rendered: 0.026ms
[nitro-runtime] error: 0.097ms
[nitro-runtime] request: 0.099ms
[nitro-runtime] render:before: 0.023ms
[nitro-runtime] render:route: 0.018ms
[nuxt-app] page:loading:start: 0.01ms
[nuxt-app] app:created: 0.266ms
[nuxt-app] vue:setup: 0.005ms
[nuxt-app] app:rendered: 0.022ms
[nitro-runtime] error: 0.035ms
[nitro-runtime] request: 0.092ms
[nitro-runtime] render:before: 0.019ms
[nitro-runtime] beforeResponse: 0.032ms
[nitro-runtime] afterResponse: 0.011ms
