
> next-app@0.1.0 build
> next build

▲ Next.js 16.2.12 (Turbopack)

  Creating an optimized production build ...
✓ Compiled successfully in 2.6s
  Running TypeScript ...
  Finished TypeScript in 3.5s ...
  Collecting page data using 9 workers ...
  Generating static pages using 9 workers (0/6) ...
  Generating static pages using 9 workers (1/6) 
  Generating static pages using 9 workers (2/6) 
  Generating static pages using 9 workers (4/6) 
✓ Generating static pages using 9 workers (6/6) in 1047ms
  Finalizing page optimization ...

Route (app)
┌ ○ /
├ ○ /_not-found
├ ƒ /api/products
├ ƒ /api/products/[slug]
├ ○ /cart
├ ƒ /product/[slug]
└ ƒ /products


○  (Static)   prerendered as static content
ƒ  (Dynamic)  server-rendered on demand

⚠ Warning: Next.js inferred your workspace root, but it may not be correct.
 We detected multiple lockfiles and selected the directory of C:\Users\HP\Desktop\nuxt-next-ecommerce-comparison\package-lock.json as the root directory.
 To silence this warning, set `turbopack.root` in your Next.js config, or consider removing one of the lockfiles if it's not needed.
   See https://nextjs.org/docs/app/api-reference/config/next-config-js/turbopack#root-directory for more information.
 Detected additional lockfiles: 
   * C:\Users\HP\Desktop\nuxt-next-ecommerce-comparison\next-app\package-lock.json

